Traceback (most recent call last):
  File "/home/jovyan/dowser-lora-datavol-1/choemj/dreamerv3/dreamerv3/agent.py", line 341, in report
    _, _, prob_obsfeat = self.dyn.observe(prob_dyn_carry, prob_tokens, prob_prevact, prob_reset, training=False)
                         ^^^^^^^^^^^^^^^^^^^^^^^^^^^^^^^^^^^^^^^^^^^^^^^^^^^^^^^^^^^^^^^^^^^^^^^^^^^^^^^^^^^^^^^
  File "/home/jovyan/dowser-lora-datavol-1/choemj/dreamerv3/venv/lib/python3.11/site-packages/ninjax/ninjax.py", line 39, in hidewrapper
    raise e
  File "/home/jovyan/dowser-lora-datavol-1/choemj/dreamerv3/dreamerv3/rssm.py", line 69, in observe
    carry, (entries, feat) = nj.scan(
                             ^^^^^^^^
  File "/home/jovyan/dowser-lora-datavol-1/choemj/dreamerv3/venv/lib/python3.11/site-packages/jax/_src/source_info_util.py", line 291, in wrapper
    return func(*args, **kwargs)
           ^^^^^^^^^^^^^^^^^^^^^
  File "/home/jovyan/dowser-lora-datavol-1/choemj/dreamerv3/venv/lib/python3.11/site-packages/jax/_src/source_info_util.py", line 291, in wrapper
    return func(*args, **kwargs)
           ^^^^^^^^^^^^^^^^^^^^^
  File "/home/jovyan/dowser-lora-datavol-1/choemj/dreamerv3/dreamerv3/rssm.py", line 70, in <lambda>
    lambda carry, inputs: self._observe(
                          ^^^^^^^^^^^^^^
  File "/home/jovyan/dowser-lora-datavol-1/choemj/dreamerv3/dreamerv3/rssm.py", line 80, in _observe
    deter = self._core(deter, stoch, action)
            ^^^^^^^^^^^^^^^^^^^^^^^^^^^^^^^^
  File "/home/jovyan/dowser-lora-datavol-1/choemj/dreamerv3/dreamerv3/rssm.py", line 147, in _core
    x = jnp.concatenate([x0, x1, x2], -1)[..., None, :].repeat(g, -2)
        ^^^^^^^^^^^^^^^^^^^^^^^^^^^^^^^^^
  File "/home/jovyan/dowser-lora-datavol-1/choemj/dreamerv3/venv/lib/python3.11/site-packages/jax/_src/numpy/lax_numpy.py", line 4578, in concatenate
    return lax.concatenate(arrays_out, axis)
           ^^^^^^^^^^^^^^^^^^^^^^^^^^^^^^^^^
  File "/home/jovyan/dowser-lora-datavol-1/choemj/dreamerv3/venv/lib/python3.11/site-packages/jax/_src/lax/lax.py", line 2053, in concatenate
    return concatenate_p.bind(*operands, dimension=dimension)
           ^^^^^^^^^^^^^^^^^^^^^^^^^^^^^^^^^^^^^^^^^^^^^^^^^^
  File "/home/jovyan/dowser-lora-datavol-1/choemj/dreamerv3/venv/lib/python3.11/site-packages/jax/_src/core.py", line 707, in bind
    trace_ctx.set_trace(prev_trace)
  File "/home/jovyan/dowser-lora-datavol-1/choemj/dreamerv3/venv/lib/python3.11/site-packages/jax/_src/core.py", line 713, in bind_with_trace
    return trace.process_primitive(self, args, params)
           ^^^^^^^^^^^^^^^^^^^^^^^^^^^^^^^^^^^^^^^^^^^
  File "/home/jovyan/dowser-lora-datavol-1/choemj/dreamerv3/venv/lib/python3.11/site-packages/jax/_src/interpreters/partial_eval.py", line 1928, in process_primitive
    return self.default_process_primitive(
           ^^^^^^^^^^^^^^^^^^^^^^^^^^^^^^^
  File "/home/jovyan/dowser-lora-datavol-1/choemj/dreamerv3/venv/lib/python3.11/site-packages/jax/_src/interpreters/partial_eval.py", line 1947, in default_process_primitive
    raise
  File "/home/jovyan/dowser-lora-datavol-1/choemj/dreamerv3/venv/lib/python3.11/site-packages/jax/_src/interpreters/partial_eval.py", line 1743, in _cached_abstract_eval
    return primitive.abstract_eval(*aval_qdds, **params)
           ^^^^^^^^^^^^^^^^^^^^^^^^^^^^^^^^^^^^^^^^^^^^^
  File "/home/jovyan/dowser-lora-datavol-1/choemj/dreamerv3/venv/lib/python3.11/site-packages/jax/_src/core.py", line 760, in abstract_eval_
    return abstract_eval(*args, **kwargs), no_effects
           ^^^^^^^^^^^^^^^^^^^^^^^^^^^^^^
  File "/home/jovyan/dowser-lora-datavol-1/choemj/dreamerv3/venv/lib/python3.11/site-packages/jax/_src/lax/utils.py", line 191, in standard_abstract_eval
    out_shape, out_dtype, out_sharding = call_shape_dtype_sharding_rule(
                                         ^^^^^^^^^^^^^^^^^^^^^^^^^^^^^^^
  File "/home/jovyan/dowser-lora-datavol-1/choemj/dreamerv3/venv/lib/python3.11/site-packages/jax/_src/lax/utils.py", line 116, in call_shape_dtype_sharding_rule
    out_shapes = shape_rule(*avals, **kwargs)
                 ^^^^^^^^^^^^^^^^^^^^^^^^^^^^
  File "/home/jovyan/dowser-lora-datavol-1/choemj/dreamerv3/venv/lib/python3.11/site-packages/jax/_src/lax/lax.py", line 7141, in _concatenate_shape_rule
    raise TypeError(msg.format(", ".join(str(o.shape) for o in operands)))
TypeError: Cannot concatenate arrays with different numbers of dimensions: got (6, 3), (6, 3), (6, 5, 3).
Exception happened inside Ninjax scope 'dyn'.
